Hello crontabManager
1
2
Hello crontabManager
1
2
Hello crontabManager
1
2
Hello crontabManager
1
2
Hello crontabManager
1
2
Hello crontabManager
1
2
Hello crontabManager
1
2
Hello crontabManager
1
2
Hello crontabManager
1
2
Hello crontabManager
1
2
Hello crontabManager
1
2
Hello crontabManager
1
2
Hello crontabManager
1
2
Hello crontabManager
1
2
Hello crontabManager
1
2
Hello crontabManager
1
2
Hello crontabManager
1
2
1
Hello crontabManager
2
1
Hello crontabManager
2
Hello crontabManager
1
2
Hello crontabManager
1
2
Hello crontabManager
1
2
Hello crontabManager
1
2
Hello crontabManager
1
2
Hello crontabManager
1
2
Hello crontabManager
1
2
Hello crontabManager
1
2
Hello crontabManager
1
2
Hello crontabManager
1
2
Hello crontabManager
1
2
1
2
Hello crontabManager
1
2
Hello crontabManager
Hello crontabManager
1
2
Hello crontabManager
1
2
Hello crontabManager
1
2
1
Hello crontabManager
2
Hello crontabManager
2
1
Hello crontabManager
1
2
Hello crontabManager
1
2
Hello crontabManager
1
2
Hello crontabManager
1
2
Hello crontabManager
2
1
2
1
Hello crontabManager
Hello crontabManager
2
1
Hello crontabManager
1
2
Hello crontabManager
1
2
Hello crontabManager
1
2
Hello crontabManager
1
2
1
2
Hello crontabManager
Hello crontabManager
1
2
Hello crontabManager
1
2
Hello crontabManager
1
2
Hello crontabManager
1
2
Hello crontabManager
1
2
Hello crontabManager
1
2
Hello crontabManager
1
2
Hello crontabManager
2
1
Hello crontabManager
1
2
